Drill report for DragonBoard.kicad_pcb
Created on 2025-02-22T10:59:16+0000

Copper Layer Stackup:
    =============================================================
    L1 :  F.Cu                      front
    L1 :  B.Cu                      back


Drill file 'DragonBoard-PTH.drl' contains
    plated through holes:
    =============================================================
    T1  0.300mm  0.0118"  (500 holes)
    T2  0.750mm  0.0295"  (8 holes)
    T3  0.813mm  0.0320"  (53 holes)
    T4  1.000mm  0.0394"  (5 holes)
    T5  1.300mm  0.0512"  (2 holes)
    T6  1.500mm  0.0591"  (2 holes)  (with 2 slots)
    T7  2.200mm  0.0866"  (2 holes)
    T8  4.100mm  0.1614"  (5 holes)

    Total plated holes count 577


Drill file 'DragonBoard-NPTH.drl' contains
    unplated through holes:
    =============================================================
    T1  0.900mm  0.0354"  (4 holes)
    T2  1.700mm  0.0669"  (58 holes)
    T3  1.900mm  0.0748"  (58 holes)
    T4  3.000mm  0.1181"  (116 holes)
    T5  4.100mm  0.1614"  (29 holes)

    Total unplated holes count 265
